
> backend@1.0.0 start
> node src/server.js

◇ injected env (11) from .env // tip: ⌘ override existing { override: true }
MongoDB Connected: ac-drj6tb6-shard-00-00.csaxfap.mongodb.net
Admin already exists
Server running on port 5000
[0mGET /dashboard/stats [33m401[0m 3.539 ms - 77[0m
[0mGET / [32m200[0m 0.664 ms - 65[0m
[0mGET /ideas [36m304[0m 138.043 ms - -[0m
[0mGET /ideas [36m304[0m 112.052 ms - -[0m
[0mGET /ideas [36m304[0m 159.661 ms - -[0m
[0mGET /ideas [36m304[0m 147.000 ms - -[0m
[0mGET /winners/weeks [32m200[0m 102.282 ms - 119[0m
[0mGET /ideas?limit=1000 [36m304[0m 131.321 ms - -[0m
[0mGET /winners/weeks [36m304[0m 98.464 ms - -[0m
[0mGET /ideas?limit=1000 [36m304[0m 134.092 ms - -[0m
[0mGET /winners/April%20Week%204 [36m304[0m 127.196 ms - -[0m
[0mGET /winners/May%20Cycle%201 [32m200[0m 40.453 ms - 159[0m
[0mGET /ideas [36m304[0m 117.807 ms - -[0m
[0mGET /ideas [36m304[0m 115.518 ms - -[0m
[0mGET /winners/weeks [36m304[0m 102.276 ms - -[0m
[0mGET /ideas?limit=1000 [36m304[0m 137.727 ms - -[0m
[0mGET /winners/May%20Cycle%201 [36m304[0m 40.333 ms - -[0m
[0mGET /winners/weeks [36m304[0m 100.544 ms - -[0m
[0mGET /ideas?limit=1000 [36m304[0m 125.526 ms - -[0m
[0mGET /ideas [36m304[0m 121.670 ms - -[0m
[0mGET /ideas [36m304[0m 136.555 ms - -[0m
[0mGET /dashboard/top-ideas [32m200[0m 67.624 ms - 105[0m
[0mGET /winners/weeks [36m304[0m 100.315 ms - -[0m
[0mGET /dashboard/stats [32m200[0m 124.146 ms - 280[0m
[0mGET /dashboard/top-ideas [36m304[0m 68.152 ms - -[0m
[0mGET /winners/May%20Cycle%201 [36m304[0m 39.474 ms - -[0m
[0mGET /winners/weeks [36m304[0m 92.856 ms - -[0m
[0mGET /dashboard/stats [36m304[0m 117.229 ms - -[0m
[0mGET /winners/May%20Cycle%201 [36m304[0m 42.237 ms - -[0m
[0mGET /ideas [36m304[0m 135.912 ms - -[0m
[0mGET /ideas [36m304[0m 123.106 ms - -[0m
[0mGET /ideas [36m304[0m 140.401 ms - -[0m
[0mGET /ideas [36m304[0m 124.245 ms - -[0m
[0mGET /ideas [36m304[0m 145.907 ms - -[0m
[0mGET /ideas [36m304[0m 140.082 ms - -[0m
[0mGET /winners/weeks [36m304[0m 101.187 ms - -[0m
[0mGET /ideas?limit=1000 [36m304[0m 138.975 ms - -[0m
[0mGET /winners/May%20Cycle%201 [36m304[0m 35.991 ms - -[0m
[0mGET /winners/weeks [36m304[0m 106.691 ms - -[0m
[0mGET /ideas?limit=1000 [36m304[0m 129.176 ms - -[0m
[0mGET /winners/April%20Week%204 [36m304[0m 133.509 ms - -[0m
[0mGET /winners/April%20Week%204 [36m304[0m 131.223 ms - -[0m
[0mGET /ideas [36m304[0m 122.378 ms - -[0m
[0mGET /ideas [36m304[0m 127.547 ms - -[0m
[0mGET /winners/weeks [36m304[0m 94.190 ms - -[0m
[0mGET /ideas?limit=1000 [36m304[0m 124.680 ms - -[0m
[0mGET /winners/weeks [36m304[0m 102.569 ms - -[0m
[0mGET /ideas?limit=1000 [36m304[0m 144.755 ms - -[0m
[0mGET /winners/April%20Week%204 [36m304[0m 128.715 ms - -[0m
[0mGET /ideas [36m304[0m 132.731 ms - -[0m
[0mGET /ideas [36m304[0m 121.703 ms - -[0m
BODY: [Object: null prototype] {
  title: 'example idea',
  description: 'example text',
  category: 'Software',
  priority: 'Low'
}
Uploaded file: {
  fieldname: 'file',
  originalname: 'Friday Idea Sharing â\x80\x93 To.pdf',
  encoding: '7bit',
  mimetype: 'application/pdf',
  path: 'https://res.cloudinary.com/dms6iri94/raw/upload/v1777370339/idea-sharing-files/1777370337718-Friday-Idea-Sharing-To',
  size: 234688,
  filename: 'idea-sharing-files/1777370337718-Friday-Idea-Sharing-To'
}
[0mPOST /ideas [32m201[0m 3079.109 ms - 693[0m
[0mGET /ideas [32m200[0m 140.900 ms - 3669[0m
[0mGET /ideas [36m304[0m 126.087 ms - -[0m
BODY: [Object: null prototype] {
  title: 'idea ',
  description: 'sjbshah',
  category: 'Software',
  priority: 'Low'
}
Uploaded file: undefined
[0mPOST /ideas [33m400[0m 77.793 ms - 114[0m
[0mGET /winners/weeks [36m304[0m 200.533 ms - -[0m
[0mGET /ideas?limit=1000 [32m200[0m 224.403 ms - 3671[0m
[0mGET /winners/weeks [36m304[0m 133.471 ms - -[0m
[0mGET /ideas?limit=1000 [36m304[0m 205.069 ms - -[0m
[0mGET /ideas [36m304[0m 151.140 ms - -[0m
[0mGET /ideas [36m304[0m 136.033 ms - -[0m
[0mGET /favicon.ico [33m404[0m 1.670 ms - 79[0m
[0mGET /ideas/69f084e4890d42975d455509/file [32m200[0m 1228.453 ms - -[0m
[0mGET /dashboard/top-ideas [32m200[0m 118.178 ms - 876[0m
[0mGET /winners/weeks [36m304[0m 127.941 ms - -[0m
[0mGET /dashboard/stats [32m200[0m 157.890 ms - 280[0m
[0mGET /winners/May%20Cycle%201 [36m304[0m 124.875 ms - -[0m
[0mGET /dashboard/top-ideas [36m304[0m 225.544 ms - -[0m
[0mGET /winners/weeks [36m304[0m 246.906 ms - -[0m
[0mGET /dashboard/stats [36m304[0m 276.978 ms - -[0m
[0mGET /winners/May%20Cycle%201 [36m304[0m 51.613 ms - -[0m
[0mGET /dashboard/top-ideas [36m304[0m 306.912 ms - -[0m
[0mGET /dashboard/stats [36m304[0m 328.028 ms - -[0m
[0mGET /dashboard/top-ideas [36m304[0m 87.934 ms - -[0m
[0mGET /dashboard/stats [36m304[0m 121.724 ms - -[0m
[0mGET /winners/weeks [36m304[0m 476.593 ms - -[0m
[0mGET /winners/May%20Cycle%201 [36m304[0m 36.813 ms - -[0m
[0mGET /winners/weeks [36m304[0m 92.573 ms - -[0m
[0mGET /winners/May%20Cycle%201 [36m304[0m 33.943 ms - -[0m
[0mGET /ideas [36m304[0m 119.135 ms - -[0m
[0mGET /ideas [36m304[0m 118.719 ms - -[0m
[0mGET /ideas [36m304[0m 149.589 ms - -[0m
[0mGET /ideas [36m304[0m 153.924 ms - -[0m
[0mGET /favicon.ico [33m404[0m 0.300 ms - 79[0m
[0mGET /ideas/69e73a5c95858bc2106eb143/file [32m200[0m 1286.366 ms - -[0m
[0mGET /ideas/69f084e4890d42975d455509/file [32m200[0m 1235.631 ms - -[0m
[0mGET /ideas [36m304[0m 136.814 ms - -[0m
[0mGET /ideas [36m304[0m 113.218 ms - -[0m
[0mGET /ideas [36m304[0m 119.338 ms - -[0m
[0mGET /ideas [36m304[0m 116.509 ms - -[0m
[0mGET /ideas?limit=1000 [36m304[0m 109.458 ms - -[0m
[0mGET /ideas?limit=1000 [36m304[0m 119.747 ms - -[0m
BODY: [Object: null prototype] {
  title: 'idea',
  description: 'wbhwbhd',
  category: 'Software',
  priority: 'Low'
}
Uploaded file: undefined
[0mPOST /ideas [33m400[0m 61.322 ms - 114[0m
[0mGET /ideas?limit=1000 [36m304[0m 128.980 ms - -[0m
[0mGET /ideas?limit=1000 [36m304[0m 110.997 ms - -[0m
[0mGET /ideas?limit=1000 [36m304[0m 113.437 ms - -[0m
[0mGET /ideas?limit=1000 [36m304[0m 123.894 ms - -[0m
[0mGET /ideas?limit=1000 [36m304[0m 125.817 ms - -[0m
[0mGET /ideas?limit=1000 [36m304[0m 108.919 ms - -[0m
[0mGET /ideas?limit=1000 [36m304[0m 172.417 ms - -[0m
[0mGET /ideas?limit=1000 [36m304[0m 147.874 ms - -[0m
[0mGET /ideas [36m304[0m 111.913 ms - -[0m
[0mGET /ideas [36m304[0m 118.968 ms - -[0m
[0mGET /ideas?limit=1000 [36m304[0m 117.869 ms - -[0m
[0mGET /ideas?limit=1000 [36m304[0m 152.056 ms - -[0m
[0mGET /winners/weeks [36m304[0m 85.910 ms - -[0m
[0mGET /winners/April%202026%20Cycle%202 [32m200[0m 88.713 ms - 148[0m
[0mGET /ideas?limit=1000 [36m304[0m 116.136 ms - -[0m
[0mGET /winners/weeks [36m304[0m 80.641 ms - -[0m
[0mGET /winners/April%202026%20Cycle%202 [36m304[0m 94.872 ms - -[0m
[0mGET /ideas?limit=1000 [36m304[0m 120.602 ms - -[0m
[0mGET /winners/April%20Week%204 [36m304[0m 299.428 ms - -[0m
[0mGET /ideas?limit=1000 [36m304[0m 128.171 ms - -[0m
[0mGET /ideas?limit=1000 [36m304[0m 112.900 ms - -[0m
[0mGET /ideas [36m304[0m 110.853 ms - -[0m
[0mGET /ideas [36m304[0m 105.096 ms - -[0m
[0mGET /winners/weeks [36m304[0m 91.836 ms - -[0m
[0mGET /winners/April%202026%20Cycle%202 [36m304[0m 90.595 ms - -[0m
[0mGET /ideas?limit=1000 [36m304[0m 112.933 ms - -[0m
[0mGET /winners/April%202026%20Cycle%202 [36m304[0m 90.863 ms - -[0m
[0mGET /winners/weeks [36m304[0m 98.675 ms - -[0m
[0mGET /ideas?limit=1000 [36m304[0m 121.946 ms - -[0m
[0mGET /winners/April%20Week%204 [36m304[0m 112.751 ms - -[0m
[0mGET /ideas?limit=1000 [36m304[0m 125.346 ms - -[0m
[0mGET /ideas?limit=1000 [36m304[0m 115.554 ms - -[0m
[0mGET /ideas?mine=true [32m200[0m 111.147 ms - 3669[0m
[0mGET /ideas?mine=true [36m304[0m 120.825 ms - -[0m
[0mGET /ideas?limit=1000 [36m304[0m 108.436 ms - -[0m
[0mGET /ideas?limit=1000 [36m304[0m 117.758 ms - -[0m
[0mGET /winners/weeks [36m304[0m 93.319 ms - -[0m
[0mGET /winners/April%202026%20Cycle%202 [36m304[0m 92.456 ms - -[0m
[0mGET /ideas?limit=1000 [36m304[0m 119.192 ms - -[0m
[0mGET /winners/weeks [36m304[0m 100.368 ms - -[0m
[0mGET /winners/April%202026%20Cycle%202 [36m304[0m 100.845 ms - -[0m
[0mGET /ideas?limit=1000 [36m304[0m 138.500 ms - -[0m
[0mGET /winners/April%20Week%204 [36m304[0m 135.518 ms - -[0m
[0mGET /winners/weeks [36m304[0m 84.861 ms - -[0m
[0mGET /winners/April%202026%20Cycle%202 [36m304[0m 93.642 ms - -[0m
[0mGET /ideas?limit=1000 [36m304[0m 120.325 ms - -[0m
[0mGET /winners/weeks [36m304[0m 91.770 ms - -[0m
[0mGET /winners/April%202026%20Cycle%202 [36m304[0m 94.434 ms - -[0m
[0mGET /ideas?limit=1000 [36m304[0m 127.858 ms - -[0m
[0mGET /winners/April%20Week%204 [36m304[0m 125.904 ms - -[0m
[0mGET /winners/weeks [36m304[0m 287.656 ms - -[0m
[0mGET /ideas?limit=1000 [36m304[0m 306.087 ms - -[0m
[0mGET /winners/weeks [36m304[0m 84.716 ms - -[0m
[0mGET /ideas?limit=1000 [36m304[0m 116.689 ms - -[0m
[0mGET /winners/April%202026%20Cycle%202 [36m304[0m 447.908 ms - -[0m
[0mGET /winners/April%202026%20Cycle%202 [36m304[0m 85.830 ms - -[0m
[0mGET /winners/April%20Week%204 [36m304[0m 291.411 ms - -[0m
[0mGET /ideas [36m304[0m 110.100 ms - -[0m
[0mGET /ideas [36m304[0m 107.190 ms - -[0m
[0mGET /ideas [36m304[0m 114.843 ms - -[0m
[0mGET /ideas [36m304[0m 149.564 ms - -[0m
[0mGET /ideas [36m304[0m 113.444 ms - -[0m
[0mGET /ideas [36m304[0m 109.598 ms - -[0m
[0mGET /ideas [36m304[0m 117.512 ms - -[0m
[0mGET /ideas [36m304[0m 109.909 ms - -[0m
[0mGET /ideas [36m304[0m 118.620 ms - -[0m
[0mGET /ideas [36m304[0m 124.123 ms - -[0m
[0mGET /ideas/69e73a5c95858bc2106eb143/file [32m200[0m 1512.432 ms - -[0m
[0mGET /dashboard/top-ideas [36m304[0m 85.450 ms - -[0m
[0mGET /winners/weeks [36m304[0m 103.893 ms - -[0m
[0mGET /dashboard/stats [36m304[0m 109.141 ms - -[0m
[0mGET /winners/May%20Cycle%201 [36m304[0m 35.761 ms - -[0m
[0mGET /dashboard/top-ideas [36m304[0m 83.456 ms - -[0m
[0mGET /winners/weeks [36m304[0m 82.959 ms - -[0m
[0mGET /dashboard/stats [36m304[0m 109.640 ms - -[0m
[0mGET /winners/May%20Cycle%201 [36m304[0m 30.856 ms - -[0m
[0mGET /ideas [36m304[0m 116.509 ms - -[0m
[0mGET /ideas [36m304[0m 127.321 ms - -[0m
[0mGET /dashboard/top-ideas [36m304[0m 80.696 ms - -[0m
[0mGET /winners/weeks [36m304[0m 86.092 ms - -[0m
[0mGET /dashboard/stats [36m304[0m 107.148 ms - -[0m
[0mGET /winners/May%20Cycle%201 [36m304[0m 33.861 ms - -[0m
[0mGET /dashboard/top-ideas [36m304[0m 82.210 ms - -[0m
[0mGET /winners/weeks [36m304[0m 81.992 ms - -[0m
[0mGET /dashboard/stats [36m304[0m 109.506 ms - -[0m
[0mGET /winners/May%20Cycle%201 [36m304[0m 30.196 ms - -[0m
[0mGET /ideas [36m304[0m 129.618 ms - -[0m
[0mGET /ideas [36m304[0m 124.631 ms - -[0m
[0mGET /ideas?mine=true [36m304[0m 290.501 ms - -[0m
[0mGET /ideas?mine=true [36m304[0m 130.680 ms - -[0m
[0mGET /ideas?mine=true [36m304[0m 138.507 ms - -[0m
[0mGET /ideas?mine=true [36m304[0m 167.269 ms - -[0m
[0mGET /ideas [36m304[0m 182.407 ms - -[0m
[0mGET /ideas [36m304[0m 215.089 ms - -[0m
[0mGET /ideas?mine=true [36m304[0m 113.115 ms - -[0m
[0mGET /ideas?mine=true [36m304[0m 197.170 ms - -[0m
[0mGET /ideas [36m304[0m 136.152 ms - -[0m
[0mGET /ideas [36m304[0m 146.319 ms - -[0m
[0mGET /ideas?mine=true [36m304[0m 114.682 ms - -[0m
[0mGET /ideas?mine=true [36m304[0m 105.044 ms - -[0m
[0mGET /winners/weeks [36m304[0m 80.869 ms - -[0m
[0mGET /winners/April%202026%20Cycle%202 [36m304[0m 92.857 ms - -[0m
[0mGET /ideas?limit=1000 [36m304[0m 126.843 ms - -[0m
[0mGET /winners/weeks [36m304[0m 83.708 ms - -[0m
[0mGET /winners/April%202026%20Cycle%202 [36m304[0m 87.476 ms - -[0m
[0mGET /ideas?limit=1000 [36m304[0m 107.168 ms - -[0m
[0mGET /winners/April%20Week%204 [36m304[0m 126.124 ms - -[0m
[0mGET /ideas?mine=true [36m304[0m 115.375 ms - -[0m
[0mGET /ideas?mine=true [36m304[0m 115.551 ms - -[0m
[0mGET /ideas?mine=true [36m304[0m 123.333 ms - -[0m
[0mGET /ideas?mine=true [36m304[0m 109.596 ms - -[0m
[0mGET /ideas?mine=true [36m304[0m 132.488 ms - -[0m
[0mGET /ideas?mine=true [36m304[0m 119.247 ms - -[0m
[0mGET /ideas?mine=true [36m304[0m 117.446 ms - -[0m
[0mGET /ideas?mine=true [36m304[0m 119.381 ms - -[0m
[0mGET /ideas?mine=true [36m304[0m 127.935 ms - -[0m
[0mGET /ideas?mine=true [36m304[0m 126.620 ms - -[0m
[0mGET /ideas?mine=true [36m304[0m 115.404 ms - -[0m
[0mGET /ideas?mine=true [36m304[0m 120.482 ms - -[0m
[0mGET /winners/April%202026%20Cycle%202 [36m304[0m 20377.206 ms - -[0m
[0mGET /ideas?mine=true [36m304[0m 12811.068 ms - -[0m
[0mGET /dashboard/stats [36m304[0m 10441.294 ms - -[0m
[0mGET /ideas?limit=1000 [36m304[0m 20554.880 ms - -[0m
[0mGET /ideas [36m304[0m 11775.706 ms - -[0m
[0mGET /winners/April%202026%20Cycle%202 [32m200[0m 87.819 ms - 148[0m
[0mGET /dashboard/stats [36m304[0m 113.654 ms - -[0m
[0mGET /ideas?mine=true [36m304[0m 121.454 ms - -[0m
[0mGET /ideas [36m304[0m 122.022 ms - -[0m
[0mGET /dashboard/top-ideas [36m304[0m 98.123 ms - -[0m
[0mGET /ideas?limit=1000 [32m200[0m 108.720 ms - 3671[0m
[0mGET /winners/weeks [32m200[0m 272.818 ms - 119[0m
[0mGET /winners/weeks [36m304[0m 21716.079 ms - -[0m
[0mGET /winners/weeks [36m304[0m 97.579 ms - -[0m
[0mGET /winners/weeks [36m304[0m 83.963 ms - -[0m
[0mGET /winners/May%20Cycle%201 [36m304[0m 46.259 ms - -[0m
[0mGET /ideas [36m304[0m 146.166 ms - -[0m
[0mGET /ideas [36m304[0m 130.044 ms - -[0m
[0mPOST /auth/login [32m200[0m 232.191 ms - 399[0m
[0mGET /dashboard/top-ideas [32m200[0m 91.874 ms - 876[0m
[0mGET /winners/weeks [32m200[0m 94.643 ms - 119[0m
[0mGET /dashboard/stats [32m200[0m 134.222 ms - 280[0m
[0mGET /winners/weeks [36m304[0m 90.989 ms - -[0m
[0mGET /dashboard/top-ideas [36m304[0m 95.041 ms - -[0m
[0mGET /winners/May%20Cycle%201 [32m200[0m 53.855 ms - 159[0m
[0mGET /dashboard/stats [36m304[0m 117.476 ms - -[0m
[0mGET /winners/May%20Cycle%201 [36m304[0m 42.734 ms - -[0m
[0mGET /ideas [32m200[0m 109.402 ms - 3669[0m
[0mGET /ideas [36m304[0m 112.093 ms - -[0m
